FAIL: test_acceptance_external_vesc_checks_need_operator_observation (test_body_link.ConfigStoreTests)
FAIL: test_acceptance_neutral_reference_and_timing_need_matching_completed_runs (test_body_link.ConfigStoreTests)
FAIL: test_acceptance_requires_explicit_operator_and_stationary_evidence (test_body_link.ConfigStoreTests)
FAIL: test_blank_corrupt_and_io_error_are_distinct (test_body_link.ConfigStoreTests)
FAIL: test_boot_counter_double_buffered (test_body_link.ConfigStoreTests)
FAIL: test_boot_storage_fault_is_separate_from_profile_diagnostics (test_body_link.ConfigStoreTests)
FAIL: test_field_envelopes_readiness_and_acceptance_prerequisites (test_body_link.ConfigStoreTests)
FAIL: test_first_ever_torn_boot_write_recovers_with_a_safe_counter (test_body_link.ConfigStoreTests)
FAIL: test_save_gate_validation_and_verify (test_body_link.ConfigStoreTests)
FAIL: test_torn_write_sweep_keeps_previous_profile (test_body_link.ConfigStoreTests)
FAIL: test_vesc_values_layout_is_a_named_protocol_shape (test_body_link.ConfigStoreTests)
FAIL: test_bootstrap_adapter_links_the_endpoint_without_hardware (test_body_link.EndpointTests)
FAIL: test_changed_content_duplicate_is_rejected_without_replay (test_body_link.EndpointTests)
FAIL: test_dropout_clears_state_and_blocks_old_replays (test_body_link.EndpointTests)
FAIL: test_dropout_closes_partial_transmit_too (test_body_link.EndpointTests)
FAIL: test_equal_boot_sessions_on_opposite_roles_connect (test_body_link.EndpointTests)
FAIL: test_event_is_acknowledged_only_after_the_application_takes_it (test_body_link.EndpointTests)
FAIL: test_hello_role_capability_and_session_checks (test_body_link.EndpointTests)
FAIL: test_partial_transmit_is_delimited_before_the_next_frame_after_reset (test_body_link.EndpointTests)
FAIL: test_teensy_main_references_the_bootstrap (test_body_link.EndpointTests)
Ran 50 tests in 26.708s
FAILED (failures=20)
